// Jest Snapshot v1, https://goo.gl/fbAQLP

exports[`Spawn Show command 1`] = `
"Run command ───────────────────────────────────────────────────────────────────

ls -al

───────────────────────────────────────────────────────────────────────────────
"
`;
